ipu_common.c:166:12:clk_ipu_enable	0	static
ipu_common.c:188:13:clk_ipu_disable	0	static
ipu_common.c:368:12:ipu_pixel_clk_enable	0	static
ipu_common.c:377:13:ipu_pixel_clk_disable	0	static
ipu_common.c:305:22:ipu_pixel_clk_round_rate	48	static
ipu_common.c:339:12:ipu_pixel_clk_set_rate	32	static
ipu_common.c:289:13:ipu_pixel_clk_recalc	24	static
ipu_common.c:385:12:ipu_pixel_clk_set_parent	8	static
ipu_common.c:100:6:clk_enable	8	static
ipu_common.c:109:6:clk_disable	8	static
ipu_common.c:119:5:clk_get_usecount	0	static
ipu_common.c:127:5:clk_get_rate	0	static
ipu_common.c:135:13:clk_get_parent	0	static
ipu_common.c:143:5:clk_set_rate	8	static
ipu_common.c:150:6:clk_round_rate	8	static
ipu_common.c:158:5:clk_set_parent	8	static
ipu_common.c:429:6:ipu_reset	16	static
ipu_common.c:458:5:ipu_probe	16	static
ipu_common.c:522:6:ipu_dump_registers	0	static
ipu_common.c:568:9:ipu_init_channel	24	static
ipu_common.c:657:6:ipu_uninit_channel	32	static
ipu_common.c:1056:9:ipu_enable_channel	24	static
ipu_common.c:1100:6:ipu_clear_buffer_ready	0	static
ipu_common.c:1134:9:ipu_disable_channel	32	static
ipu_common.c:1188:10:bytes_per_pixel	0	static
ipu_common.c:1000:9:ipu_init_channel_buffer	96	static
ipu_common.c:1221:19:format_to_colorspace	0	static
