ipu_disp.c:254:13:ipu_dc_map_config	24	static
ipu_disp.c:334:12:rgb_to_yuv	16	static
ipu_disp.c:296:13:ipu_dc_link_event	24	static
ipu_disp.c:219:13:2	32	static
ipu_disp.c:74:6:ipu_dmfc_init	0	static
ipu_disp.c:155:6:ipu_dmfc_set_wait4eot	16	static
ipu_disp.c:396:6:ipu_dp_csc_setup	8	static
ipu_disp.c:434:5:ipu_dp_init	40	static
ipu_disp.c:521:6:ipu_dp_uninit	0	static
ipu_disp.c:547:6:ipu_dc_init	24	static
ipu_disp.c:596:6:ipu_dc_uninit	8	static
ipu_disp.c:624:5:ipu_chan_is_interlaced	0	static
ipu_disp.c:635:6:ipu_dp_dc_enable	24	static
ipu_disp.c:679:6:ipu_dp_dc_disable	16	static
ipu_disp.c:768:6:ipu_init_dc_mappings	8	static
ipu_disp.c:801:5:ipu_pixfmt_to_map	0	static
ipu_disp.c:823:6:adapt_panel_to_ipu_restricitions	16	static
ipu_disp.c:879:9:ipu_init_sync_panel	104	static
ipu_disp.c:1223:9:ipu_disp_set_global_alpha	24	static
ipu_disp.c:1284:9:ipu_disp_set_color_key	40	static
