mxs_nand.c:340:12:mxs_nand_device_ready	0	static
mxs_nand.c:357:13:mxs_nand_select_chip	0	static
mxs_nand.c:762:12:mxs_nand_hook_read_oob	16	static
mxs_nand.c:787:12:mxs_nand_hook_write_oob	16	static
mxs_nand.c:812:12:mxs_nand_hook_block_markbad	8	static
mxs_nand.c:951:12:mxs_nand_block_bad	0	static
mxs_nand.c:906:12:mxs_nand_ecc_write_oob	24	static
mxs_nand.c:114:29:mxs_nand_get_dma_desc	8	static
mxs_nand.c:129:13:mxs_nand_return_dma_descs	16	static
mxs_nand.c:261:13:mxs_nand_cmd_ctrl	16	static
mxs_nand.c:372:13:mxs_nand_swap_block_mark	24	static
mxs_nand.c:551:12:mxs_nand_ecc_read_page	32	static
mxs_nand.c:970:12:mxs_nand_scan_bbt	16	static
mxs_nand.c:487:13:mxs_nand_write_buf	16	static
mxs_nand.c:407:13:mxs_nand_read_buf	24	static
mxs_nand.c:871:12:mxs_nand_ecc_read_oob	24	static
mxs_nand.c:541:16:mxs_nand_read_byte	16	static
mxs_nand.c:697:13:mxs_nand_ecc_write_page	24	static
mxs_nand.c:1033:5:mxs_nand_alloc_buffers	16	static
mxs_nand.c:1068:5:mxs_nand_init	24	static
mxs_nand.c:1131:5:board_nand_init	24	static
