nand_base.c:153:13:nand_release_device	8	static
nand_base.c:167:9:nand_read_byte	0	static
nand_base.c:180:16:nand_read_byte16	0	static
nand_base.c:193:12:nand_read_word	0	static
nand_base.c:230:6:nand_write_buf	8	static
nand_base.c:247:6:nand_read_buf	0	static
nand_base.c:264:12:nand_verify_buf	8	static
nand_base.c:283:6:nand_write_buf16	8	static
nand_base.c:303:6:nand_read_buf16	8	static
nand_base.c:322:12:nand_verify_buf16	8	static
nand_base.c:454:12:nand_check_wp	16	static
nand_base.c:815:12:nand_read_page_raw	16	static
nand_base.c:832:12:nand_read_page_raw_syndrome	32	static
nand_base.c:873:12:nand_read_page_swecc	48	static
nand_base.c:915:12:nand_read_subpage	48	static
nand_base.c:1003:12:nand_read_page_hwecc	48	static
nand_base.c:1053:12:nand_read_page_hwecc_oob_first	48	static
nand_base.c:1098:12:nand_read_page_syndrome	32	static
nand_base.c:1379:12:nand_read_oob_std	16	static
nand_base.c:1398:12:nand_read_oob_syndrome	48	static
nand_base.c:1435:12:nand_write_oob_std	24	static
nand_base.c:1459:12:nand_write_oob_syndrome	64	static
nand_base.c:1659:13:nand_write_page_raw	16	static
nand_base.c:1674:13:nand_write_page_raw_syndrome	32	static
nand_base.c:1711:13:nand_write_page_swecc	48	static
nand_base.c:1737:13:nand_write_page_hwecc	40	static
nand_base.c:1768:13:nand_write_page_syndrome	32	static
nand_base.c:2186:13:single_erase_cmd	16	static
nand_base.c:2202:13:multi_erase_cmd	16	static
nand_base.c:2399:13:nand_sync	0	static
nand_base.c:765:12:nand_wait	24	static
nand_base.c:477:12:nand_block_checkbad	40	static
nand_base.c:2416:12:nand_block_isbad	24	static
nand_base.c:2430:12:nand_block_markbad	24	static
nand_base.c:344:12:nand_block_bad	32	static
nand_base.c:1812:12:nand_write_page	32	static
nand_base.c:2489:13:sanitize_string	0	static
bitops.h:12:19:generic_ffs	0	static
nand_base.c:1866:17:nand_fill_oob	24	static
nand_base.c:2064:12:nand_do_write_oob	56	static
nand_base.c:396:12:nand_default_block_markbad	56	static
nand_base.c:1917:12:nand_do_write_ops	80	static
nand_base.c:2142:12:nand_write_oob	32	static
nand_base.c:2029:12:nand_write	40	static
nand_base.c:206:13:nand_select_chip	8	static
nand_base.c:1150:17:nand_transfer_oob	24	static
nand_base.c:498:6:nand_wait_ready	16	static
nand_base.c:524:13:nand_command	24	static
nand_base.c:629:13:nand_command_lp	32	static
nand_base.c:1200:12:nand_do_read_ops	96	static
nand_base.c:1613:12:nand_read_oob	80	static
nand_base.c:1345:12:nand_read	40	static
nand_base.c:2234:5:nand_erase_nand	72	static
nand_base.c:2220:12:nand_erase	0	static
nand_base.c:2876:5:nand_scan_ident	72	static
nand_base.c:2933:5:nand_scan_tail	24	static
nand_base.c:3197:5:nand_scan	8	static
nand_base.c:3211:6:nand_release	8	static
