mx6qsabreauto.c:655:13:do_enable_hdmi	0	static
mx6qsabreauto.c:136:5:dram_init	0	static
mx6qsabreauto.c:266:6:ldo_mode_set	24	static
mx6qsabreauto.c:315:5:mmc_get_env_devno	0	static
mx6qsabreauto.c:332:5:board_mmc_getcd	8	static
mx6qsabreauto.c:349:5:board_mmc_init	16	static
mx6qsabreauto.c:386:6:board_late_mmc_env_init	40	static
mx6qsabreauto.c:568:6:reset_max7310	8	static
mx6qsabreauto.c:575:5:setup_max7310	8	static
mx6qsabreauto.c:600:5:mx6_rgmii_rework	16	static
mx6qsabreauto.c:623:5:board_phy_config	8	static
mx6qsabreauto.c:703:5:board_video_skip	24	static
mx6qsabreauto.c:821:5:overwrite_console	0	static
mx6qsabreauto.c:826:5:board_eth_init	8	static
mx6qsabreauto.c:869:5:get_board_rev	8	static
mx6qsabreauto.c:876:5:board_early_init_f	8	static
mx6qsabreauto.c:907:5:board_init	0	static
mx6qsabreauto.c:923:5:board_late_init	24	static
mx6qsabreauto.c:1069:5:checkboard	8	static
mx6qsabreauto.c:1112:5:board_ehci_hcd_init	8	static
mx6qsabreauto.c:1131:5:board_ehci_power	16	static
