mmc.c:871:13:mmc_set_ios	8	static
mmc.c:71:12:mmc_send_cmd	32	static
mmc.c:591:12:mmc_send_ext_csd	56	static
mmc.c:441:12:mmc_go_idle	40	static
mmc.c:133:12:5	48	static
mmc.c:613:12:1	40	static
mmc.c:43:12:board_mmc_getwp	0	static
mmc.c:48:5:mmc_getwp	8	static
mmc.c:64:5:__board_mmc_getcd	0	static
mmc.c:188:13:find_mmc_device	8	static
mmc.c:257:1:mmc_berase	72	static
mmc.c:347:1:mmc_bwrite	88	static
mmc.c:409:14:mmc_bread	80	static
mmc.c:681:5:mmc_switch_part	8	static
mmc.c:693:5:mmc_getcd	8	static
mmc.c:876:6:mmc_set_clock	0	static
mmc.c:896:12:mmc_startup	1320	static
mmc.c:1245:5:mmc_register	0	static
mmc.c:1275:5:mmc_init	56	static
mmc.c:1265:19:mmc_get_dev	8	static
mmc.c:1333:12:__def_mmc_init	0	static
mmc.c:1341:6:print_mmc_devices	24	static
mmc.c:1358:5:get_mmc_num	0	static
mmc.c:1363:5:mmc_initialize	8	static
