clock.c:200:12:get_uart_clk	8	static
clock.c:215:12:get_cspi_clk	8	static
clock.c:345:12:get_usdhc_clk	8	static
clock.c:179:12:get_ipg_clk	8	static
clock.c:190:12:get_ipg_per_clk	8	static
clock.c:89:12:3	0	static
clock.c:120:12:get_mcu_main_clk	8	static
clock.c:41:6:enable_ocotp_clk	0	static
clock.c:54:6:enable_usboh3_clk	0	static
clock.c:69:5:enable_i2c_clk	0	static
clock.c:132:5:get_periph_clk	0	static
clock.c:226:12:get_axi_clk	8	static
clock.c:245:12:get_emi_slow_clk	8	static
clock.c:330:12:get_mmdc_ch0_clk	8	static
clock.c:473:5:do_mx6_showclocks	16	static
clock.c:339:5:enable_fec_clock	0	static
clock.c:388:5:imx_get_uartclk	0	static
clock.c:393:5:imx_get_fecclk	0	static
clock.c:398:5:enable_sata_clock	0	static
clock.c:429:14:mxc_get_clock	0	static
clock.c:504:6:enable_ipu_clock	0	static
