soc.c:186:12:read_cpu_temperature	16	static
soc.c:74:5:get_cpu_rev	0	static
soc.c:96:12:get_board_rev	8	static
soc.c:107:6:init_aips	0	static
soc.c:148:6:set_vddsoc	8	static
soc.c:288:6:check_cpu_temperature	8	static
soc.c:373:5:arch_cpu_init	8	static
soc.c:396:6:enable_caches	8	static
soc.c:406:6:imx_get_mac_from_fuse	0	static
soc.c:426:6:boot_mode_apply	0	static
soc.c:461:18:get_boot_device	0	static
soc.c:504:6:s_init	0	static
soc.c:512:5:check_ldo_bypass	8	static
soc.c:536:5:check_1_2G	8	static
soc.c:566:6:set_anatop_bypass	0	static
soc.c:578:6:v7_outer_cache_enable	0	static
soc.c:586:6:v7_outer_cache_disable	0	static
soc.c:596:5:arch_misc_init	0	static
soc.c:870:6:imx_enable_hdmi_phy	8	static
soc.c:886:6:imx_setup_hdmi	0	static
