board.c:226:5:__arch_cpu_init	0	static
board.c:241:12:mark_bootstage	0	static
board.c:173:12:init_func_i2c	8	static
board.c:124:12:display_banner	8	static
board.c:118:12:init_baudrate	8	static
board.c:85:13:__coloured_LED_init	0	static
board.c:88:13:__red_led_on	0	static
board.c:90:13:__red_led_off	0	static
board.c:92:13:__green_led_on	0	static
board.c:94:13:__green_led_off	0	static
board.c:96:13:__yellow_led_on	0	static
board.c:98:13:__yellow_led_off	0	static
board.c:100:13:__blue_led_on	0	static
board.c:102:13:__blue_led_off	0	static
board.c:218:6:__dram_init_banksize	0	static
board.c:233:5:__power_init_board	0	static
board.c:524:6:board_init_r	8	static
board.c:722:6:hang	8	static
board.c:282:6:board_init_f	24	static
