cache-cp15.c:43:13:cp_delay	8	static
cache-cp15.c:33:6:__arm_init_before_mmu	0	static
cache-cp15.c:39:13:arm_init_domains	0	static
cache-cp15.c:53:6:set_section_dcache	0	static
cache-cp15.c:63:6:__mmu_page_table_flush	0	static
cache-cp15.c:71:6:mmu_set_region_dcache_behaviour	24	static
cache-cp15.c:86:13:dram_bank_mmu_setup	16	static
cache-cp15.c:190:6:icache_enable	8	static
cache-cp15.c:195:6:icache_disable	8	static
cache-cp15.c:200:5:icache_status	0	static
cache-cp15.c:222:6:dcache_enable	8	static
cache-cp15.c:227:6:dcache_disable	8	static
cache-cp15.c:232:5:dcache_status	0	static
