cmd_nvedit.c:742:12:do_env_delete	24	static
cmd_nvedit.c:665:12:do_env_save	8	static
cmd_nvedit.c:1078:12:do_env	24	static
cmd_nvedit.c:97:12:env_print	56	static
cmd_nvedit.c:128:12:do_env_print	24	static
cmd_nvedit.c:934:12:do_env_import	56	static
cmd_nvedit.c:705:12:do_env_default	8	static
cmd_nvedit.c:201:12:0	72	static
cmd_nvedit.c:320:12:do_env_set	0	static
cmd_nvedit.c:86:5:get_env_id	0	static
cmd_nvedit.c:275:5:setenv	24	static
cmd_nvedit.c:296:5:setenv_ulong	8	static
cmd_nvedit.c:311:5:setenv_hex	32	static
cmd_nvedit.c:823:12:do_env_export	96	static
cmd_nvedit.c:689:5:envmatch	24	static
cmd_nvedit.c:608:5:getenv_f	32	static
cmd_nvedit.c:584:7:getenv	48	static
cmd_nvedit.c:652:7:getenv_ulong	16	static
cmd_nvedit.c:555:12:do_env_edit	1032	static
