fdt_support.c:976:12:of_bus_default_map	48	static
fdt_support.c:954:13:of_bus_default_count_cells	24	static
fdt_support.c:367:12:get_cells_len	8	static
fdt_support.c:993:12:of_bus_default_translate	40	static
fdt_support.c:51:5:fdt_getprop_u32_default	16	static
fdt_support.c:80:5:fdt_find_and_setprop	32	static
fdt_support.c:148:5:fdt_initrd	72	static
fdt_support.c:214:5:fdt_chosen	32	static
fdt_support.c:284:6:do_fixup_by_path	24	static
fdt_support.c:300:6:do_fixup_by_path_u32	24	static
fdt_support.c:307:6:do_fixup_by_prop	40	static
fdt_support.c:328:6:do_fixup_by_prop_u32	32	static
fdt_support.c:336:6:do_fixup_by_compat	40	static
fdt_support.c:355:6:do_fixup_by_compat_u32	24	static
fdt_support.c:391:5:fdt_fixup_memory_banks	144	static
fdt_support.c:448:5:fdt_fixup_memory	16	static
fdt_support.c:453:6:fdt_fixup_ethernet	88	static
fdt_support.c:490:5:fdt_resize	48	static
fdt_support.c:680:5:fdt_increase_size	0	static
fdt_support.c:899:6:fdt_del_node_and_alias	16	static
fdt_support.c:1153:5:fdt_translate_address	120	static
fdt_support.c:1167:5:fdt_node_offset_by_compat_reg	32	static
fdt_support.c:1188:5:fdt_alloc_phandle	16	static
fdt_support.c:1207:5:fdt_set_phandle	40	static
fdt_support.c:1246:14:fdt_create_phandle	16	static
fdt_support.c:1276:5:fdt_set_node_status	40	static
fdt_support.c:1317:5:fdt_set_status_by_alias	16	static
fdt_support.c:1326:5:fdt_add_edid	32	static
fdt_support.c:1363:5:fdt_verify_alias_address	48	static
fdt_support.c:1404:5:fdt_get_base_address	24	static
