serial.c:363:30:get_current	8	static
serial.c:50:13:serial_null	0	static
serial.c:191:6:serial_register	0	static
serial.c:284:6:serial_stdio_init	80	static
serial.c:320:5:serial_assign	16	static
serial.c:223:6:serial_initialize	8	static
serial.c:340:6:serial_reinit_all	8	static
serial.c:397:5:serial_init	8	static
serial.c:412:6:serial_setbrg	8	static
serial.c:59:12:on_baudrate	16	static
serial.c:428:5:serial_getc	8	static
serial.c:443:5:serial_tstc	8	static
serial.c:459:6:serial_putc	8	static
serial.c:477:6:serial_puts	8	static
serial.c:494:6:default_serial_puts	16	static
