phy.c:405:5:genphy_shutdown	0	static
bitops.h:12:19:generic_ffs	0	static
phy.c:509:27:phy_device_create	24	static
phy.c:610:27:get_phy_device_by_mask	40	static
phy.c:147:5:genphy_restart_aneg	16	static
phy.c:175:5:genphy_config_aneg	24	static
phy.c:348:5:genphy_config	16	static
phy.c:215:5:genphy_update_link	24	static
phy.c:397:5:genphy_startup	16	static
phy.c:422:5:phy_init	8	static
phy.c:461:5:phy_register	0	static
phy.c:647:5:phy_reset	24	static
phy.c:702:5:miiphy_reset	8	static
phy.c:717:20:phy_find_by_mask	16	static
phy.c:729:6:phy_connect_dev	24	static
phy.c:742:20:phy_connect	24	static
phy.c:758:5:phy_startup	8	static
phy.c:766:12:__board_phy_config	8	static
phy.c:776:5:phy_config	8	static
phy.c:784:5:phy_shutdown	8	static
