net.c:572:1:startAgainTimeout	0	static
net.c:627:13:dummy_handler	0	static
net.c:279:13:net_clear_handlers	0	static
net.c:232:6:net_auto_load	8	static
net.c:577:6:NetStartAgain	16	static
net.c:633:11:net_get_udp_handler	0	static
net.c:638:6:net_set_udp_handler	0	static
net.c:647:11:net_get_arp_handler	0	static
net.c:652:6:net_set_arp_handler	0	static
net.c:669:1:NetSetTimeout	16	static
net.c:1288:1:NetCksum	0	static
net.c:1281:1:NetCksumOk	8	static
net.c:940:1:NetReceive	40	static
net.c:1302:1:NetEthHdrSize	0	static
net.c:1315:1:NetSetEther	24	static
net.c:1340:5:net_update_ether	16	static
net.c:1363:6:net_set_ip_header	16	static
net.c:1384:6:net_set_udp_header	24	static
net.c:684:5:NetSendUDPPacket	40	static
net.c:1408:6:copy_filename	0	static
net.c:212:12:on_bootfile	8	static
net.c:1428:14:random_port	8	static
net.c:1434:6:ip_to_string	16	static
net.c:1444:6:VLAN_to_string	0	static
net.c:1457:8:string_to_VLAN	8	static
net.c:1472:8:getenv_VLAN	8	static
net.c:256:13:NetInitLoop	16	static
net.c:291:6:net_init	8	static
net.c:321:5:NetLoop	24	static
